root@drgos:~# find /sys/devices/platform
/sys/devices/platform
/sys/devices/platform/uevent
/sys/devices/platform/power
/sys/devices/platform/power/wakeup
/sys/devices/platform/serial8250.0
/sys/devices/platform/serial8250.0/uevent
/sys/devices/platform/serial8250.0/modalias
/sys/devices/platform/serial8250.0/subsystem
/sys/devices/platform/serial8250.0/power
/sys/devices/platform/serial8250.0/power/wakeup
/sys/devices/platform/serial8250.0/tty
/sys/devices/platform/serial8250.0/tty/ttyS0
/sys/devices/platform/serial8250.0/tty/ttyS0/uevent
/sys/devices/platform/serial8250.0/tty/ttyS0/dev
/sys/devices/platform/serial8250.0/tty/ttyS0/subsystem
/sys/devices/platform/serial8250.0/tty/ttyS0/device
/sys/devices/platform/serial8250.0/tty/ttyS0/power
/sys/devices/platform/serial8250.0/tty/ttyS0/power/wakeup
/sys/devices/platform/serial8250.0/driver
/sys/devices/platform/comcertoflash.0
/sys/devices/platform/comcertoflash.0/uevent
/sys/devices/platform/comcertoflash.0/modalias
/sys/devices/platform/comcertoflash.0/subsystem
/sys/devices/platform/comcertoflash.0/power
/sys/devices/platform/comcertoflash.0/power/wakeup
/sys/devices/platform/comcertoflash.0/driver
/sys/devices/platform/comcerto_i2c
/sys/devices/platform/comcerto_i2c/uevent
/sys/devices/platform/comcerto_i2c/modalias
/sys/devices/platform/comcerto_i2c/subsystem
/sys/devices/platform/comcerto_i2c/power
/sys/devices/platform/comcerto_i2c/power/wakeup
/sys/devices/platform/comcerto_wdt
/sys/devices/platform/comcerto_wdt/uevent
/sys/devices/platform/comcerto_wdt/modalias
/sys/devices/platform/comcerto_wdt/subsystem
/sys/devices/platform/comcerto_wdt/power
/sys/devices/platform/comcerto_wdt/power/wakeup
/sys/devices/platform/comcerto_wdt/driver
/sys/devices/platform/comcerto_wdt/misc
/sys/devices/platform/comcerto_wdt/misc/comcerto_wdt
/sys/devices/platform/comcerto_wdt/misc/comcerto_wdt/uevent
/sys/devices/platform/comcerto_wdt/misc/comcerto_wdt/dev
/sys/devices/platform/comcerto_wdt/misc/comcerto_wdt/subsystem
/sys/devices/platform/comcerto_wdt/misc/comcerto_wdt/device
/sys/devices/platform/comcerto_wdt/misc/comcerto_wdt/power
/sys/devices/platform/comcerto_wdt/misc/comcerto_wdt/power/wakeup
/sys/devices/platform/comcerto-ehci.1
/sys/devices/platform/comcerto-ehci.1/uevent
/sys/devices/platform/comcerto-ehci.1/modalias
/sys/devices/platform/comcerto-ehci.1/subsystem
/sys/devices/platform/comcerto-ehci.1/power
/sys/devices/platform/comcerto-ehci.1/power/wakeup
/sys/devices/platform/comcerto-ehci.1/driver
/sys/devices/platform/comcerto-ehci.1/pools
/sys/devices/platform/comcerto-ehci.1/usb1
/sys/devices/platform/comcerto-ehci.1/usb1/uevent
/sys/devices/platform/comcerto-ehci.1/usb1/dev
/sys/devices/platform/comcerto-ehci.1/usb1/configuration
/sys/devices/platform/comcerto-ehci.1/usb1/bNumInterfaces
/sys/devices/platform/comcerto-ehci.1/usb1/bConfigurationValue
/sys/devices/platform/comcerto-ehci.1/usb1/bmAttributes
/sys/devices/platform/comcerto-ehci.1/usb1/bMaxPower
/sys/devices/platform/comcerto-ehci.1/usb1/urbnum
/sys/devices/platform/comcerto-ehci.1/usb1/idVendor
/sys/devices/platform/comcerto-ehci.1/usb1/idProduct
/sys/devices/platform/comcerto-ehci.1/usb1/bcdDevice
/sys/devices/platform/comcerto-ehci.1/usb1/bDeviceClass
/sys/devices/platform/comcerto-ehci.1/usb1/bDeviceSubClass
/sys/devices/platform/comcerto-ehci.1/usb1/bDeviceProtocol
/sys/devices/platform/comcerto-ehci.1/usb1/bNumConfigurations
/sys/devices/platform/comcerto-ehci.1/usb1/bMaxPacketSize0
/sys/devices/platform/comcerto-ehci.1/usb1/speed
/sys/devices/platform/comcerto-ehci.1/usb1/busnum
/sys/devices/platform/comcerto-ehci.1/usb1/devnum
/sys/devices/platform/comcerto-ehci.1/usb1/devpath
/sys/devices/platform/comcerto-ehci.1/usb1/version
/sys/devices/platform/comcerto-ehci.1/usb1/maxchild
/sys/devices/platform/comcerto-ehci.1/usb1/quirks
/sys/devices/platform/comcerto-ehci.1/usb1/authorized
/sys/devices/platform/comcerto-ehci.1/usb1/remove
/sys/devices/platform/comcerto-ehci.1/usb1/manufacturer
/sys/devices/platform/comcerto-ehci.1/usb1/product
/sys/devices/platform/comcerto-ehci.1/usb1/serial
/sys/devices/platform/comcerto-ehci.1/usb1/subsystem
/sys/devices/platform/comcerto-ehci.1/usb1/power
/sys/devices/platform/comcerto-ehci.1/usb1/power/wakeup
/sys/devices/platform/comcerto-ehci.1/usb1/descriptors
/sys/devices/platform/comcerto-ehci.1/usb1/driver
/sys/devices/platform/comcerto-ehci.1/usb1/1-0:1.0
/sys/devices/platform/comcerto-ehci.1/usb1/1-0:1.0/uevent
/sys/devices/platform/comcerto-ehci.1/usb1/1-0:1.0/bInterfaceNumber
/sys/devices/platform/comcerto-ehci.1/usb1/1-0:1.0/bAlternateSetting
/sys/devices/platform/comcerto-ehci.1/usb1/1-0:1.0/bNumEndpoints
/sys/devices/platform/comcerto-ehci.1/usb1/1-0:1.0/bInterfaceClass
/sys/devices/platform/comcerto-ehci.1/usb1/1-0:1.0/bInterfaceSubClass
/sys/devices/platform/comcerto-ehci.1/usb1/1-0:1.0/bInterfaceProtocol
/sys/devices/platform/comcerto-ehci.1/usb1/1-0:1.0/modalias
/sys/devices/platform/comcerto-ehci.1/usb1/1-0:1.0/supports_autosuspend
/sys/devices/platform/comcerto-ehci.1/usb1/1-0:1.0/subsystem
/sys/devices/platform/comcerto-ehci.1/usb1/1-0:1.0/power
/sys/devices/platform/comcerto-ehci.1/usb1/1-0:1.0/power/wakeup
/sys/devices/platform/comcerto-ehci.1/usb1/1-0:1.0/driver
/sys/devices/platform/comcerto-ehci.1/usb1/1-0:1.0/ep_81
/sys/devices/platform/comcerto-ehci.1/usb1/1-0:1.0/ep_81/uevent
/sys/devices/platform/comcerto-ehci.1/usb1/1-0:1.0/ep_81/bLength
/sys/devices/platform/comcerto-ehci.1/usb1/1-0:1.0/ep_81/bEndpointAddress
/sys/devices/platform/comcerto-ehci.1/usb1/1-0:1.0/ep_81/bmAttributes
/sys/devices/platform/comcerto-ehci.1/usb1/1-0:1.0/ep_81/bInterval
/sys/devices/platform/comcerto-ehci.1/usb1/1-0:1.0/ep_81/wMaxPacketSize
/sys/devices/platform/comcerto-ehci.1/usb1/1-0:1.0/ep_81/interval
/sys/devices/platform/comcerto-ehci.1/usb1/1-0:1.0/ep_81/type
/sys/devices/platform/comcerto-ehci.1/usb1/1-0:1.0/ep_81/direction
/sys/devices/platform/comcerto-ehci.1/usb1/1-0:1.0/ep_81/power
/sys/devices/platform/comcerto-ehci.1/usb1/1-0:1.0/ep_81/power/wakeup
/sys/devices/platform/comcerto-ehci.1/usb1/usb_device
/sys/devices/platform/comcerto-ehci.1/usb1/usb_device/usbdev1.1
/sys/devices/platform/comcerto-ehci.1/usb1/usb_device/usbdev1.1/uevent
/sys/devices/platform/comcerto-ehci.1/usb1/usb_device/usbdev1.1/dev
/sys/devices/platform/comcerto-ehci.1/usb1/usb_device/usbdev1.1/subsystem
/sys/devices/platform/comcerto-ehci.1/usb1/usb_device/usbdev1.1/device
/sys/devices/platform/comcerto-ehci.1/usb1/usb_device/usbdev1.1/power
/sys/devices/platform/comcerto-ehci.1/usb1/usb_device/usbdev1.1/power/wakeup
/sys/devices/platform/comcerto-ehci.1/usb1/ep_00
/sys/devices/platform/comcerto-ehci.1/usb1/ep_00/uevent
/sys/devices/platform/comcerto-ehci.1/usb1/ep_00/bLength
/sys/devices/platform/comcerto-ehci.1/usb1/ep_00/bEndpointAddress
/sys/devices/platform/comcerto-ehci.1/usb1/ep_00/bmAttributes
/sys/devices/platform/comcerto-ehci.1/usb1/ep_00/bInterval
/sys/devices/platform/comcerto-ehci.1/usb1/ep_00/wMaxPacketSize
/sys/devices/platform/comcerto-ehci.1/usb1/ep_00/interval
/sys/devices/platform/comcerto-ehci.1/usb1/ep_00/type
/sys/devices/platform/comcerto-ehci.1/usb1/ep_00/direction
/sys/devices/platform/comcerto-ehci.1/usb1/ep_00/power
/sys/devices/platform/comcerto-ehci.1/usb1/ep_00/power/wakeup
/sys/devices/platform/comcerto-ehci.1/usb1/authorized_default
/sys/devices/platform/Elliptic-IPsec EAOE.0
/sys/devices/platform/Elliptic-IPsec EAOE.0/uevent
/sys/devices/platform/Elliptic-IPsec EAOE.0/modalias
/sys/devices/platform/Elliptic-IPsec EAOE.0/subsystem
/sys/devices/platform/Elliptic-IPsec EAOE.0/power
/sys/devices/platform/Elliptic-IPsec EAOE.0/power/wakeup
/sys/devices/platform/c1000-fbpool.0
/sys/devices/platform/c1000-fbpool.0/uevent
/sys/devices/platform/c1000-fbpool.0/modalias
/sys/devices/platform/c1000-fbpool.0/subsystem
/sys/devices/platform/c1000-fbpool.0/power
/sys/devices/platform/c1000-fbpool.0/power/wakeup
/sys/devices/platform/c1000-fbpool.0/driver
/sys/devices/platform/c1000-fbpool.0/lowthres
/sys/devices/platform/c1000-fbpool.0/highthres
/sys/devices/platform/c1000-fbpool.0/depth
/sys/devices/platform/c1000-fbpool.0/underrun
/sys/devices/platform/c1000-fbpool.0/overflow
/sys/devices/platform/c1000-fbpool.1
/sys/devices/platform/c1000-fbpool.1/uevent
/sys/devices/platform/c1000-fbpool.1/modalias
/sys/devices/platform/c1000-fbpool.1/subsystem
/sys/devices/platform/c1000-fbpool.1/power
/sys/devices/platform/c1000-fbpool.1/power/wakeup
/sys/devices/platform/c1000-fbpool.1/driver
/sys/devices/platform/c1000-fbpool.1/lowthres
/sys/devices/platform/c1000-fbpool.1/highthres
/sys/devices/platform/c1000-fbpool.1/depth
/sys/devices/platform/c1000-fbpool.1/underrun
/sys/devices/platform/c1000-fbpool.1/overflow
/sys/devices/platform/comcerto-mdio.0
/sys/devices/platform/comcerto-mdio.0/uevent
/sys/devices/platform/comcerto-mdio.0/modalias
/sys/devices/platform/comcerto-mdio.0/subsystem
/sys/devices/platform/comcerto-mdio.0/power
/sys/devices/platform/comcerto-mdio.0/power/wakeup
/sys/devices/platform/comcerto-mdio.0/driver
/sys/devices/platform/comcerto-mdio.0/mdio_bus
/sys/devices/platform/comcerto-mdio.0/mdio_bus/0
/sys/devices/platform/comcerto-mdio.0/mdio_bus/0/uevent
/sys/devices/platform/comcerto-mdio.0/mdio_bus/0/subsystem
/sys/devices/platform/comcerto-mdio.0/mdio_bus/0/device
/sys/devices/platform/comcerto-mdio.0/mdio_bus/0/power
/sys/devices/platform/comcerto-mdio.0/mdio_bus/0/power/wakeup
/sys/devices/platform/comcerto-mdio.0/0:00
/sys/devices/platform/comcerto-mdio.0/0:00/uevent
/sys/devices/platform/comcerto-mdio.0/0:00/subsystem
/sys/devices/platform/comcerto-mdio.0/0:00/power
/sys/devices/platform/comcerto-mdio.0/0:00/power/wakeup
/sys/devices/platform/c1000-eth.0
/sys/devices/platform/c1000-eth.0/uevent
/sys/devices/platform/c1000-eth.0/modalias
/sys/devices/platform/c1000-eth.0/subsystem
/sys/devices/platform/c1000-eth.0/power
/sys/devices/platform/c1000-eth.0/power/wakeup
/sys/devices/platform/c1000-eth.0/driver
/sys/devices/platform/c1000-eth.0/net
/sys/devices/platform/c1000-eth.0/net/eth0
/sys/devices/platform/c1000-eth.0/net/eth0/uevent
/sys/devices/platform/c1000-eth.0/net/eth0/subsystem
/sys/devices/platform/c1000-eth.0/net/eth0/device
/sys/devices/platform/c1000-eth.0/net/eth0/addr_len
/sys/devices/platform/c1000-eth.0/net/eth0/dev_id
/sys/devices/platform/c1000-eth.0/net/eth0/ifalias
/sys/devices/platform/c1000-eth.0/net/eth0/iflink
/sys/devices/platform/c1000-eth.0/net/eth0/ifindex
/sys/devices/platform/c1000-eth.0/net/eth0/features
/sys/devices/platform/c1000-eth.0/net/eth0/type
/sys/devices/platform/c1000-eth.0/net/eth0/link_mode
/sys/devices/platform/c1000-eth.0/net/eth0/address
/sys/devices/platform/c1000-eth.0/net/eth0/broadcast
/sys/devices/platform/c1000-eth.0/net/eth0/carrier
/sys/devices/platform/c1000-eth.0/net/eth0/speed
/sys/devices/platform/c1000-eth.0/net/eth0/duplex
/sys/devices/platform/c1000-eth.0/net/eth0/dormant
/sys/devices/platform/c1000-eth.0/net/eth0/operstate
/sys/devices/platform/c1000-eth.0/net/eth0/mtu
/sys/devices/platform/c1000-eth.0/net/eth0/flags
/sys/devices/platform/c1000-eth.0/net/eth0/tx_queue_len
/sys/devices/platform/c1000-eth.0/net/eth0/statistics
/sys/devices/platform/c1000-eth.0/net/eth0/statistics/rx_packets
/sys/devices/platform/c1000-eth.0/net/eth0/statistics/tx_packets
/sys/devices/platform/c1000-eth.0/net/eth0/statistics/rx_bytes
/sys/devices/platform/c1000-eth.0/net/eth0/statistics/tx_bytes
/sys/devices/platform/c1000-eth.0/net/eth0/statistics/rx_errors
/sys/devices/platform/c1000-eth.0/net/eth0/statistics/tx_errors
/sys/devices/platform/c1000-eth.0/net/eth0/statistics/rx_dropped
/sys/devices/platform/c1000-eth.0/net/eth0/statistics/tx_dropped
/sys/devices/platform/c1000-eth.0/net/eth0/statistics/multicast
/sys/devices/platform/c1000-eth.0/net/eth0/statistics/collisions
/sys/devices/platform/c1000-eth.0/net/eth0/statistics/rx_length_errors
/sys/devices/platform/c1000-eth.0/net/eth0/statistics/rx_over_errors
/sys/devices/platform/c1000-eth.0/net/eth0/statistics/rx_crc_errors
/sys/devices/platform/c1000-eth.0/net/eth0/statistics/rx_frame_errors
/sys/devices/platform/c1000-eth.0/net/eth0/statistics/rx_fifo_errors
/sys/devices/platform/c1000-eth.0/net/eth0/statistics/rx_missed_errors
/sys/devices/platform/c1000-eth.0/net/eth0/statistics/tx_aborted_errors
/sys/devices/platform/c1000-eth.0/net/eth0/statistics/tx_carrier_errors
/sys/devices/platform/c1000-eth.0/net/eth0/statistics/tx_fifo_errors
/sys/devices/platform/c1000-eth.0/net/eth0/statistics/tx_heartbeat_errors
/sys/devices/platform/c1000-eth.0/net/eth0/statistics/tx_window_errors
/sys/devices/platform/c1000-eth.0/net/eth0/statistics/rx_compressed
/sys/devices/platform/c1000-eth.0/net/eth0/statistics/tx_compressed
/sys/devices/platform/c1000-eth.0/net/eth0/power
/sys/devices/platform/c1000-eth.0/net/eth0/power/wakeup
/sys/devices/platform/c1000-eth.0/net/eth0/default_priority
/sys/devices/platform/c1000-eth.0/net/eth0/fast_path_enable
/sys/devices/platform/c1000-eth.0/net/eth0/q2prio
/sys/devices/platform/c1000-eth.0/net/eth0/txavail
/sys/devices/platform/c1000-eth.0/net/eth0/txused
/sys/devices/platform/comcerto-mdio.1
/sys/devices/platform/comcerto-mdio.1/uevent
/sys/devices/platform/comcerto-mdio.1/modalias
/sys/devices/platform/comcerto-mdio.1/subsystem
/sys/devices/platform/comcerto-mdio.1/power
/sys/devices/platform/comcerto-mdio.1/power/wakeup
/sys/devices/platform/comcerto-mdio.1/driver
/sys/devices/platform/comcerto-mdio.1/mdio_bus
/sys/devices/platform/comcerto-mdio.1/mdio_bus/1
/sys/devices/platform/comcerto-mdio.1/mdio_bus/1/uevent
/sys/devices/platform/comcerto-mdio.1/mdio_bus/1/subsystem
/sys/devices/platform/comcerto-mdio.1/mdio_bus/1/device
/sys/devices/platform/comcerto-mdio.1/mdio_bus/1/power
/sys/devices/platform/comcerto-mdio.1/mdio_bus/1/power/wakeup
/sys/devices/platform/c1000-eth.1
/sys/devices/platform/c1000-eth.1/uevent
/sys/devices/platform/c1000-eth.1/modalias
/sys/devices/platform/c1000-eth.1/subsystem
/sys/devices/platform/c1000-eth.1/power
/sys/devices/platform/c1000-eth.1/power/wakeup
/sys/devices/platform/c1000-eth.1/driver
/sys/devices/platform/c1000-eth.1/net
/sys/devices/platform/c1000-eth.1/net/eth2
/sys/devices/platform/c1000-eth.1/net/eth2/uevent
/sys/devices/platform/c1000-eth.1/net/eth2/subsystem
/sys/devices/platform/c1000-eth.1/net/eth2/device
/sys/devices/platform/c1000-eth.1/net/eth2/addr_len
/sys/devices/platform/c1000-eth.1/net/eth2/dev_id
/sys/devices/platform/c1000-eth.1/net/eth2/ifalias
/sys/devices/platform/c1000-eth.1/net/eth2/iflink
/sys/devices/platform/c1000-eth.1/net/eth2/ifindex
/sys/devices/platform/c1000-eth.1/net/eth2/features
/sys/devices/platform/c1000-eth.1/net/eth2/type
/sys/devices/platform/c1000-eth.1/net/eth2/link_mode
/sys/devices/platform/c1000-eth.1/net/eth2/address
/sys/devices/platform/c1000-eth.1/net/eth2/broadcast
/sys/devices/platform/c1000-eth.1/net/eth2/carrier
/sys/devices/platform/c1000-eth.1/net/eth2/speed
/sys/devices/platform/c1000-eth.1/net/eth2/duplex
/sys/devices/platform/c1000-eth.1/net/eth2/dormant
/sys/devices/platform/c1000-eth.1/net/eth2/operstate
/sys/devices/platform/c1000-eth.1/net/eth2/mtu
/sys/devices/platform/c1000-eth.1/net/eth2/flags
/sys/devices/platform/c1000-eth.1/net/eth2/tx_queue_len
/sys/devices/platform/c1000-eth.1/net/eth2/statistics
/sys/devices/platform/c1000-eth.1/net/eth2/statistics/rx_packets
/sys/devices/platform/c1000-eth.1/net/eth2/statistics/tx_packets
/sys/devices/platform/c1000-eth.1/net/eth2/statistics/rx_bytes
/sys/devices/platform/c1000-eth.1/net/eth2/statistics/tx_bytes
/sys/devices/platform/c1000-eth.1/net/eth2/statistics/rx_errors
/sys/devices/platform/c1000-eth.1/net/eth2/statistics/tx_errors
/sys/devices/platform/c1000-eth.1/net/eth2/statistics/rx_dropped
/sys/devices/platform/c1000-eth.1/net/eth2/statistics/tx_dropped
/sys/devices/platform/c1000-eth.1/net/eth2/statistics/multicast
/sys/devices/platform/c1000-eth.1/net/eth2/statistics/collisions
/sys/devices/platform/c1000-eth.1/net/eth2/statistics/rx_length_errors
/sys/devices/platform/c1000-eth.1/net/eth2/statistics/rx_over_errors
/sys/devices/platform/c1000-eth.1/net/eth2/statistics/rx_crc_errors
/sys/devices/platform/c1000-eth.1/net/eth2/statistics/rx_frame_errors
/sys/devices/platform/c1000-eth.1/net/eth2/statistics/rx_fifo_errors
/sys/devices/platform/c1000-eth.1/net/eth2/statistics/rx_missed_errors
/sys/devices/platform/c1000-eth.1/net/eth2/statistics/tx_aborted_errors
/sys/devices/platform/c1000-eth.1/net/eth2/statistics/tx_carrier_errors
/sys/devices/platform/c1000-eth.1/net/eth2/statistics/tx_fifo_errors
/sys/devices/platform/c1000-eth.1/net/eth2/statistics/tx_heartbeat_errors
/sys/devices/platform/c1000-eth.1/net/eth2/statistics/tx_window_errors
/sys/devices/platform/c1000-eth.1/net/eth2/statistics/rx_compressed
/sys/devices/platform/c1000-eth.1/net/eth2/statistics/tx_compressed
/sys/devices/platform/c1000-eth.1/net/eth2/power
/sys/devices/platform/c1000-eth.1/net/eth2/power/wakeup
/sys/devices/platform/c1000-eth.1/net/eth2/default_priority
/sys/devices/platform/c1000-eth.1/net/eth2/fast_path_enable
/sys/devices/platform/c1000-eth.1/net/eth2/q2prio
/sys/devices/platform/c1000-eth.1/net/eth2/txavail
/sys/devices/platform/c1000-eth.1/net/eth2/txused
/sys/devices/platform/c1000-eth.1/net/eth2/brport
/sys/devices/platform/c1000-eth.1/net/eth2/brport/bridge
/sys/devices/platform/c1000-eth.1/net/eth2/brport/path_cost
/sys/devices/platform/c1000-eth.1/net/eth2/brport/priority
/sys/devices/platform/c1000-eth.1/net/eth2/brport/port_id
/sys/devices/platform/c1000-eth.1/net/eth2/brport/port_no
/sys/devices/platform/c1000-eth.1/net/eth2/brport/designated_root
/sys/devices/platform/c1000-eth.1/net/eth2/brport/designated_bridge
/sys/devices/platform/c1000-eth.1/net/eth2/brport/designated_port
/sys/devices/platform/c1000-eth.1/net/eth2/brport/designated_cost
/sys/devices/platform/c1000-eth.1/net/eth2/brport/state
/sys/devices/platform/c1000-eth.1/net/eth2/brport/change_ack
/sys/devices/platform/c1000-eth.1/net/eth2/brport/config_pending
/sys/devices/platform/c1000-eth.1/net/eth2/brport/message_age_timer
/sys/devices/platform/c1000-eth.1/net/eth2/brport/forward_delay_timer
/sys/devices/platform/c1000-eth.1/net/eth2/brport/hold_timer
/sys/devices/platform/c1000-eth.1/net/eth2/brport/flush
/sys/devices/platform/c1000-eth.1/net/eth2/brport/hairpin_mode
/sys/devices/platform/comcerto-tdm.0
/sys/devices/platform/comcerto-tdm.0/uevent
/sys/devices/platform/comcerto-tdm.0/modalias
/sys/devices/platform/comcerto-tdm.0/subsystem
/sys/devices/platform/comcerto-tdm.0/power
/sys/devices/platform/comcerto-tdm.0/power/wakeup
/sys/devices/platform/comcerto-tdm.0/driver
/sys/devices/platform/comcerto-tdm.0/fs_output
/sys/devices/platform/comcerto-tdm.0/fs_polarity
/sys/devices/platform/comcerto-tdm.0/fs_hwidth
/sys/devices/platform/comcerto-tdm.0/fs_lwidth
/sys/devices/platform/comcerto-tdm.0/clock_hz
/sys/devices/platform/comcerto-tdm.0/clock_output
/sys/devices/platform/pcie.0
/sys/devices/platform/pcie.0/uevent
/sys/devices/platform/pcie.0/modalias
/sys/devices/platform/pcie.0/subsystem
/sys/devices/platform/pcie.0/power
/sys/devices/platform/pcie.0/power/wakeup
/sys/devices/platform/pcie.0/driver
/sys/devices/platform/pcie.1
/sys/devices/platform/pcie.1/uevent
/sys/devices/platform/pcie.1/modalias
/sys/devices/platform/pcie.1/subsystem
/sys/devices/platform/pcie.1/power
/sys/devices/platform/pcie.1/power/wakeup
/sys/devices/platform/pcie.1/driver
/sys/devices/platform/comcerto-spi
/sys/devices/platform/comcerto-spi/uevent
/sys/devices/platform/comcerto-spi/modalias
/sys/devices/platform/comcerto-spi/subsystem
/sys/devices/platform/comcerto-spi/power
/sys/devices/platform/comcerto-spi/power/wakeup
/sys/devices/platform/comcerto-spi/driver
/sys/devices/platform/serial8250
/sys/devices/platform/serial8250/uevent
/sys/devices/platform/serial8250/modalias
/sys/devices/platform/serial8250/subsystem
/sys/devices/platform/serial8250/power
/sys/devices/platform/serial8250/power/wakeup
/sys/devices/platform/serial8250/driver
/sys/devices/platform/comcerto-ved
/sys/devices/platform/comcerto-ved/uevent
/sys/devices/platform/comcerto-ved/modalias
/sys/devices/platform/comcerto-ved/subsystem
/sys/devices/platform/comcerto-ved/power
/sys/devices/platform/comcerto-ved/power/wakeup
/sys/devices/platform/comcerto-ved/driver
/sys/devices/platform/comcerto-ved/net
/sys/devices/platform/comcerto-ved/net/eth1
/sys/devices/platform/comcerto-ved/net/eth1/uevent
/sys/devices/platform/comcerto-ved/net/eth1/subsystem
/sys/devices/platform/comcerto-ved/net/eth1/device
/sys/devices/platform/comcerto-ved/net/eth1/addr_len
/sys/devices/platform/comcerto-ved/net/eth1/dev_id
/sys/devices/platform/comcerto-ved/net/eth1/ifalias
/sys/devices/platform/comcerto-ved/net/eth1/iflink
/sys/devices/platform/comcerto-ved/net/eth1/ifindex
/sys/devices/platform/comcerto-ved/net/eth1/features
/sys/devices/platform/comcerto-ved/net/eth1/type
/sys/devices/platform/comcerto-ved/net/eth1/link_mode
/sys/devices/platform/comcerto-ved/net/eth1/address
/sys/devices/platform/comcerto-ved/net/eth1/broadcast
/sys/devices/platform/comcerto-ved/net/eth1/carrier
/sys/devices/platform/comcerto-ved/net/eth1/speed
/sys/devices/platform/comcerto-ved/net/eth1/duplex
/sys/devices/platform/comcerto-ved/net/eth1/dormant
/sys/devices/platform/comcerto-ved/net/eth1/operstate
/sys/devices/platform/comcerto-ved/net/eth1/mtu
/sys/devices/platform/comcerto-ved/net/eth1/flags
/sys/devices/platform/comcerto-ved/net/eth1/tx_queue_len
/sys/devices/platform/comcerto-ved/net/eth1/statistics
/sys/devices/platform/comcerto-ved/net/eth1/statistics/rx_packets
/sys/devices/platform/comcerto-ved/net/eth1/statistics/tx_packets
/sys/devices/platform/comcerto-ved/net/eth1/statistics/rx_bytes
/sys/devices/platform/comcerto-ved/net/eth1/statistics/tx_bytes
/sys/devices/platform/comcerto-ved/net/eth1/statistics/rx_errors
/sys/devices/platform/comcerto-ved/net/eth1/statistics/tx_errors
/sys/devices/platform/comcerto-ved/net/eth1/statistics/rx_dropped
/sys/devices/platform/comcerto-ved/net/eth1/statistics/tx_dropped
/sys/devices/platform/comcerto-ved/net/eth1/statistics/multicast
/sys/devices/platform/comcerto-ved/net/eth1/statistics/collisions
/sys/devices/platform/comcerto-ved/net/eth1/statistics/rx_length_errors
/sys/devices/platform/comcerto-ved/net/eth1/statistics/rx_over_errors
/sys/devices/platform/comcerto-ved/net/eth1/statistics/rx_crc_errors
/sys/devices/platform/comcerto-ved/net/eth1/statistics/rx_frame_errors
/sys/devices/platform/comcerto-ved/net/eth1/statistics/rx_fifo_errors
/sys/devices/platform/comcerto-ved/net/eth1/statistics/rx_missed_errors
/sys/devices/platform/comcerto-ved/net/eth1/statistics/tx_aborted_errors
/sys/devices/platform/comcerto-ved/net/eth1/statistics/tx_carrier_errors
/sys/devices/platform/comcerto-ved/net/eth1/statistics/tx_fifo_errors
/sys/devices/platform/comcerto-ved/net/eth1/statistics/tx_heartbeat_errors
/sys/devices/platform/comcerto-ved/net/eth1/statistics/tx_window_errors
/sys/devices/platform/comcerto-ved/net/eth1/statistics/rx_compressed
/sys/devices/platform/comcerto-ved/net/eth1/statistics/tx_compressed
/sys/devices/platform/comcerto-ved/net/eth1/power
/sys/devices/platform/comcerto-ved/net/eth1/power/wakeup
/sys/devices/platform/comcerto-ved/info
/sys/devices/platform/comcerto-ved/alert
/sys/devices/platform/comcerto-ved/abi_rev
