root@drgos:~# cat /sys/devices/platform/*/uevent     
MODALIAS=platform:Elliptic-IPsec EAOE
DRIVER=c1000-eth
MODALIAS=platform:c1000-eth
DRIVER=c1000-eth
MODALIAS=platform:c1000-eth
DRIVER=c1000-fbpool
MODALIAS=platform:c1000-fbpool
DRIVER=c1000-fbpool
MODALIAS=platform:c1000-fbpool
DRIVER=comcerto-ehci
MODALIAS=platform:comcerto-ehci
DRIVER=comcerto-mdio
MODALIAS=platform:comcerto-mdio
DRIVER=comcerto-mdio
MODALIAS=platform:comcerto-mdio
DRIVER=comcerto-spi
MODALIAS=platform:comcerto-spi
DRIVER=comcerto-tdm
MODALIAS=platform:comcerto-tdm
DRIVER=comcerto-ved
MODALIAS=platform:comcerto-ved
MODALIAS=platform:comcerto_i2c
DRIVER=comcerto_wdt
MODALIAS=platform:comcerto_wdt
DRIVER=comcertoflash
MODALIAS=platform:comcertoflash
DRIVER=pcie
MODALIAS=platform:pcie
DRIVER=pcie
MODALIAS=platform:pcie
DRIVER=serial8250
MODALIAS=platform:serial8250
DRIVER=serial8250
MODALIAS=platform:serial8250